[  564771ms] [INFO] %cDownload the React DevTools for a better development experience: https://react.dev/link/react-devtools font-weight:bold @ http://localhost:3000/_next/static/chunks/0ifu_next_dist_0b0ys7d._.js:2431
[  564957ms] [LOG] [HMR] connected @ http://localhost:3000/_next/static/chunks/0ifu_next_dist_0b0ys7d._.js:2431
[  565215ms] [LOG] [Fast Refresh] rebuilding @ http://localhost:3000/_next/static/chunks/0ifu_next_dist_0b0ys7d._.js:2431
[  565321ms] [LOG] [Fast Refresh] done in 211ms @ http://localhost:3000/_next/static/chunks/0ifu_next_dist_0b0ys7d._.js:2431
[  565433ms] [ERROR] Failed to load resource: the server responded with a status of 404 (Not Found) @ http://localhost:3000/favicon.ico:0
[  566850ms] [WARNING] Expected value to be of type number, but found null instead. @ blob:http://localhost:3000/51d9368f-678c-4190-98eb-46d5f3c379a2:8091
[  566852ms] [WARNING] Expected value to be of type number, but found null instead. @ blob:http://localhost:3000/51d9368f-678c-4190-98eb-46d5f3c379a2:8091
[  566852ms] [WARNING] Expected value to be of type number, but found null instead. @ blob:http://localhost:3000/51d9368f-678c-4190-98eb-46d5f3c379a2:8091
[  569912ms] [WARNING] The resource http://localhost:3000/_next/static/chunks/%5Broot-of-the-server%5D__07nk82t._.css was preloaded using link preload but not used within a few seconds from the window's load event. Please make sure it has an appropriate `as` value and it is preloaded intentionally. @ http://localhost:3000/en?_state=onboarding:0
[  735168ms] [LOG] [Fast Refresh] rebuilding @ http://localhost:3000/_next/static/chunks/0ifu_next_dist_0b0ys7d._.js:2431
[  735577ms] [LOG] [Fast Refresh] done in 517ms @ http://localhost:3000/_next/static/chunks/0ifu_next_dist_0b0ys7d._.js:2431
[  747348ms] [ERROR] WebSocket connection to 'ws://localhost:3000/_next/webpack-hmr?id=8mqxkCB6otRlv6njM7BVb' failed: Error in connection establishment: net::ERR_CONNECTION_REFUSED @ http://localhost:3000/_next/static/chunks/0ifu_next_dist_client_126o~dd._.js:13299
[  750691ms] [ERROR] WebSocket connection to 'ws://localhost:3000/_next/webpack-hmr?id=8mqxkCB6otRlv6njM7BVb' failed: Error in connection establishment: net::ERR_CONNECTION_REFUSED @ http://localhost:3000/_next/static/chunks/0ifu_next_dist_client_126o~dd._.js:13299
[  754052ms] [ERROR] WebSocket connection to 'ws://localhost:3000/_next/webpack-hmr?id=8mqxkCB6otRlv6njM7BVb' failed: Error in connection establishment: net::ERR_CONNECTION_REFUSED @ http://localhost:3000/_next/static/chunks/0ifu_next_dist_client_126o~dd._.js:13299
[  757381ms] [ERROR] WebSocket connection to 'ws://localhost:3000/_next/webpack-hmr?id=8mqxkCB6otRlv6njM7BVb' failed: Error in connection establishment: net::ERR_CONNECTION_REFUSED @ http://localhost:3000/_next/static/chunks/0ifu_next_dist_client_126o~dd._.js:13299
[  760709ms] [ERROR] WebSocket connection to 'ws://localhost:3000/_next/webpack-hmr?id=8mqxkCB6otRlv6njM7BVb' failed: Error in connection establishment: net::ERR_CONNECTION_REFUSED @ http://localhost:3000/_next/static/chunks/0ifu_next_dist_client_126o~dd._.js:13299
[  768054ms] [ERROR] WebSocket connection to 'ws://localhost:3000/_next/webpack-hmr?id=8mqxkCB6otRlv6njM7BVb' failed: Error in connection establishment: net::ERR_CONNECTION_REFUSED @ http://localhost:3000/_next/static/chunks/0ifu_next_dist_client_126o~dd._.js:13299
[  775399ms] [ERROR] WebSocket connection to 'ws://localhost:3000/_next/webpack-hmr?id=8mqxkCB6otRlv6njM7BVb' failed: Error in connection establishment: net::ERR_CONNECTION_REFUSED @ http://localhost:3000/_next/static/chunks/0ifu_next_dist_client_126o~dd._.js:13299
[  782742ms] [ERROR] WebSocket connection to 'ws://localhost:3000/_next/webpack-hmr?id=8mqxkCB6otRlv6njM7BVb' failed: Error in connection establishment: net::ERR_CONNECTION_REFUSED @ http://localhost:3000/_next/static/chunks/0ifu_next_dist_client_126o~dd._.js:13299
[  790091ms] [ERROR] WebSocket connection to 'ws://localhost:3000/_next/webpack-hmr?id=8mqxkCB6otRlv6njM7BVb' failed: Error in connection establishment: net::ERR_CONNECTION_REFUSED @ http://localhost:3000/_next/static/chunks/0ifu_next_dist_client_126o~dd._.js:13299
[  797434ms] [ERROR] WebSocket connection to 'ws://localhost:3000/_next/webpack-hmr?id=8mqxkCB6otRlv6njM7BVb' failed: Error in connection establishment: net::ERR_CONNECTION_REFUSED @ http://localhost:3000/_next/static/chunks/0ifu_next_dist_client_126o~dd._.js:13299
[  804797ms] [ERROR] WebSocket connection to 'ws://localhost:3000/_next/webpack-hmr?id=8mqxkCB6otRlv6njM7BVb' failed: Error in connection establishment: net::ERR_CONNECTION_REFUSED @ http://localhost:3000/_next/static/chunks/0ifu_next_dist_client_126o~dd._.js:13299
[  812133ms] [ERROR] WebSocket connection to 'ws://localhost:3000/_next/webpack-hmr?id=8mqxkCB6otRlv6njM7BVb' failed: Error in connection establishment: net::ERR_CONNECTION_REFUSED @ http://localhost:3000/_next/static/chunks/0ifu_next_dist_client_126o~dd._.js:13299
